// Jest Snapshot v1, https://goo.gl/fbAQLP

exports[`should parse file 1`] = `
Node {
  "comments": Array [
    Object {
      "end": 7,
      "loc": SourceLocation {
        "end": Position {
          "column": 7,
          "line": 1,
        },
        "start": Position {
          "column": 0,
          "line": 1,
        },
      },
      "start": 0,
      "type": "CommentLine",
      "value": "@flow",
    },
  ],
  "end": 35,
  "loc": SourceLocation {
    "end": Position {
      "column": 0,
      "line": 4,
    },
    "start": Position {
      "column": 0,
      "line": 1,
    },
  },
  "program": Node {
    "body": Array [
      Node {
        "declaration": Node {
          "declarations": Array [
            Node {
              "end": 33,
              "id": Node {
                "end": 27,
                "loc": SourceLocation {
                  "end": Position {
                    "column": 18,
                    "line": 3,
                  },
                  "identifierName": "magic",
                  "start": Position {
                    "column": 13,
                    "line": 3,
                  },
                },
                "name": "magic",
                "start": 22,
                "type": "Identifier",
              },
              "init": Node {
                "end": 33,
                "extra": Object {
                  "raw": "\\"a\\"",
                  "rawValue": "a",
                },
                "loc": SourceLocation {
                  "end": Position {
                    "column": 24,
                    "line": 3,
                  },
                  "start": Position {
                    "column": 21,
                    "line": 3,
                  },
                },
                "start": 30,
                "type": "StringLiteral",
                "value": "a",
              },
              "loc": SourceLocation {
                "end": Position {
                  "column": 24,
                  "line": 3,
                },
                "start": Position {
                  "column": 13,
                  "line": 3,
                },
              },
              "start": 22,
              "symbol": Object {
                "end": 18,
                "endline": 3,
                "line": 3,
                "loc": Object {
                  "end": Object {
                    "column": 18,
                    "line": 3,
                    "offset": 27,
                  },
                  "start": Object {
                    "column": 14,
                    "line": 3,
                    "offset": 22,
                  },
                  "type": "SourceFile",
                },
                "reasons": Array [],
                "start": 14,
                "type": Object {
                  "loc": undefined,
                  "type": "StringTypeAnnotation",
                },
              },
              "type": "VariableDeclarator",
            },
          ],
          "end": 34,
          "kind": "const",
          "loc": SourceLocation {
            "end": Position {
              "column": 25,
              "line": 3,
            },
            "start": Position {
              "column": 7,
              "line": 3,
            },
          },
          "start": 16,
          "type": "VariableDeclaration",
        },
        "end": 34,
        "exportKind": "value",
        "leadingComments": Array [
          Object {
            "end": 7,
            "loc": SourceLocation {
              "end": Position {
                "column": 7,
                "line": 1,
              },
              "start": Position {
                "column": 0,
                "line": 1,
              },
            },
            "start": 0,
            "type": "CommentLine",
            "value": "@flow",
          },
        ],
        "loc": SourceLocation {
          "end": Position {
            "column": 25,
            "line": 3,
          },
          "start": Position {
            "column": 0,
            "line": 3,
          },
        },
        "source": null,
        "specifiers": Array [],
        "start": 9,
        "type": "ExportNamedDeclaration",
      },
    ],
    "directives": Array [],
    "end": 35,
    "interpreter": null,
    "loc": SourceLocation {
      "end": Position {
        "column": 0,
        "line": 4,
      },
      "start": Position {
        "column": 0,
        "line": 1,
      },
    },
    "sourceType": "module",
    "start": 0,
    "type": "Program",
  },
  "start": 0,
  "type": "File",
}
`;

exports[`should parse file 2`] = `
"//@flow
export const magic = \\"a\\";"
`;
